08:04:39 **** Incremental Build of configuration Debug for project Sched.c ****
make -j4 all 
arm-none-eabi-gcc "../Core/Src/main.c" -mcpu=cortex-m3 -std=gnu11 -g3 -DDEBUG -DUSE_HAL_DRIVER -DSTM32F103x6 -c -I../Core/Inc -I../Drivers/STM32F1xx_HAL_Driver/Inc -I../Drivers/STM32F1xx_HAL_Driver/Inc/Legacy -I../Drivers/CMSIS/Device/ST/STM32F1xx/Include -I../Drivers/CMSIS/Include -O0 -ffunction-sections -fdata-sections -Wall -fstack-usage -MMD -MP -MF"Core/Src/main.d" -MT"Core/Src/main.o" --specs=nano.specs -mfloat-abi=soft -mthumb -o "Core/Src/main.o"
arm-none-eabi-gcc -o "Sched.c.elf" @"objects.list"   -mcpu=cortex-m3 -T"F:\Minh Duc\STUDY\HCMUT\Junior\221\MPU - MCU\Labs\Test\Scheduler\Sched.c\STM32F103C6UX_FLASH.ld" --specs=nosys.specs -Wl,-Map="Sched.c.map" -Wl,--gc-sections -static --specs=nano.specs -mfloat-abi=soft -mthumb -Wl,--start-group -lc -lm -Wl,--end-group
Finished building target: Sched.c.elf
 
arm-none-eabi-size   Sched.c.elf 
arm-none-eabi-objdump -h -S  Sched.c.elf  > "Sched.c.list"
arm-none-eabi-objcopy  -O ihex  Sched.c.elf  "Sched.c.hex"
arm-none-eabi-objcopy  -O binary  Sched.c.elf  "Sched.c.bin"
   text	   data	    bss	    dec	    hex	filename
   8500	     20	   1988	  10508	   290c	Sched.c.elf
Finished building: default.size.stdout
 
Finished building: Sched.c.hex
Finished building: Sched.c.bin
 
 
Finished building: Sched.c.list
 
